Archive member included to satisfy reference by file (symbol)

c:/program files/microchip/xc8/v2.36/avr/bin/../lib/gcc/avr/5.4.0/../../../../avr/lib/avr5/memx-const\libc.a(exit.o)
                              D:/IMT ONLINE COURSE/SoftWare/Microchip Studio/7.0/Packs/atmel/ATmega_DFP/1.7.374/xc8/avr/lib/avr5/memx-const/crtatmega32.o (exit)
c:/program files/microchip/xc8/v2.36/avr/bin/../lib/gcc/avr/5.4.0/../../../../avr/lib/avr5/memx-const\libc.a(_Exit.o)
                              c:/program files/microchip/xc8/v2.36/avr/bin/../lib/gcc/avr/5.4.0/../../../../avr/lib/avr5/memx-const\libc.a(exit.o) (_Exit)
c:/program files/microchip/xc8/v2.36/avr/bin/../lib/gcc/avr/5.4.0/avr5/memx-const\libgcc.a(_exit.o)
                              c:/program files/microchip/xc8/v2.36/avr/bin/../lib/gcc/avr/5.4.0/../../../../avr/lib/avr5/memx-const\libc.a(_Exit.o) (_exit)

Discarded input sections

 .data          0x0000000000000000        0x0 D:/IMT ONLINE COURSE/SoftWare/Microchip Studio/7.0/Packs/atmel/ATmega_DFP/1.7.374/xc8/avr/lib/avr5/memx-const/crtatmega32.o
 .bss           0x0000000000000000        0x0 D:/IMT ONLINE COURSE/SoftWare/Microchip Studio/7.0/Packs/atmel/ATmega_DFP/1.7.374/xc8/avr/lib/avr5/memx-const/crtatmega32.o
 .text          0x0000000000000000        0x0 DIO_program.o
 .data          0x0000000000000000        0x0 DIO_program.o
 .bss           0x0000000000000000        0x0 DIO_program.o
 .text.DIO_u8GetPinValue
                0x0000000000000000       0x86 DIO_program.o
 .text          0x0000000000000000        0x0 EEPROM_program.o
 .data          0x0000000000000000        0x0 EEPROM_program.o
 .bss           0x0000000000000000        0x0 EEPROM_program.o
 .text          0x0000000000000000        0x0 I2C_program.o
 .data          0x0000000000000000        0x0 I2C_program.o
 .bss           0x0000000000000000        0x0 I2C_program.o
 .text.I2C_voidSlaveInit
                0x0000000000000000       0x12 I2C_program.o
 .text.I2C_u8SlaveReadDataByte
                0x0000000000000000       0x28 I2C_program.o
 .text.I2C_Slave_voidListen
                0x0000000000000000        0x8 I2C_program.o
 .text          0x0000000000000000        0x0 LCD_program.o
 .data          0x0000000000000000        0x0 LCD_program.o
 .bss           0x0000000000000000        0x0 LCD_program.o
 .text.LCD_voidSendCommand
                0x0000000000000000       0xda LCD_program.o
 .text.LCD_voidSendString
                0x0000000000000000       0x36 LCD_program.o
 .text.LCD_voidWriteSpecialCharacter
                0x0000000000000000      0x10c LCD_program.o
 .text          0x0000000000000000        0x0 main.o
 .data          0x0000000000000000        0x0 main.o
 .bss           0x0000000000000000        0x0 main.o
 .text          0x0000000000000000        0x0 c:/program files/microchip/xc8/v2.36/avr/bin/../lib/gcc/avr/5.4.0/../../../../avr/lib/avr5/memx-const\libc.a(exit.o)
 .data          0x0000000000000000        0x0 c:/program files/microchip/xc8/v2.36/avr/bin/../lib/gcc/avr/5.4.0/../../../../avr/lib/avr5/memx-const\libc.a(exit.o)
 .bss           0x0000000000000000        0x0 c:/program files/microchip/xc8/v2.36/avr/bin/../lib/gcc/avr/5.4.0/../../../../avr/lib/avr5/memx-const\libc.a(exit.o)
 .text          0x0000000000000000        0x0 c:/program files/microchip/xc8/v2.36/avr/bin/../lib/gcc/avr/5.4.0/../../../../avr/lib/avr5/memx-const\libc.a(_Exit.o)
 .data          0x0000000000000000        0x0 c:/program files/microchip/xc8/v2.36/avr/bin/../lib/gcc/avr/5.4.0/../../../../avr/lib/avr5/memx-const\libc.a(_Exit.o)
 .bss           0x0000000000000000        0x0 c:/program files/microchip/xc8/v2.36/avr/bin/../lib/gcc/avr/5.4.0/../../../../avr/lib/avr5/memx-const\libc.a(_Exit.o)
 .text          0x0000000000000000        0x0 c:/program files/microchip/xc8/v2.36/avr/bin/../lib/gcc/avr/5.4.0/avr5/memx-const\libgcc.a(_exit.o)
 .data          0x0000000000000000        0x0 c:/program files/microchip/xc8/v2.36/avr/bin/../lib/gcc/avr/5.4.0/avr5/memx-const\libgcc.a(_exit.o)
 .bss           0x0000000000000000        0x0 c:/program files/microchip/xc8/v2.36/avr/bin/../lib/gcc/avr/5.4.0/avr5/memx-const\libgcc.a(_exit.o)
 .text.libgcc.mul
                0x0000000000000000        0x0 c:/program files/microchip/xc8/v2.36/avr/bin/../lib/gcc/avr/5.4.0/avr5/memx-const\libgcc.a(_exit.o)
 .text.libgcc.div
                0x0000000000000000        0x0 c:/program files/microchip/xc8/v2.36/avr/bin/../lib/gcc/avr/5.4.0/avr5/memx-const\libgcc.a(_exit.o)
 .text.libgcc   0x0000000000000000        0x0 c:/program files/microchip/xc8/v2.36/avr/bin/../lib/gcc/avr/5.4.0/avr5/memx-const\libgcc.a(_exit.o)
 .text.libgcc.prologue
                0x0000000000000000        0x0 c:/program files/microchip/xc8/v2.36/avr/bin/../lib/gcc/avr/5.4.0/avr5/memx-const\libgcc.a(_exit.o)
 .stack.descriptors
                0x0000000000000000       0x13 c:/program files/microchip/xc8/v2.36/avr/bin/../lib/gcc/avr/5.4.0/avr5/memx-const\libgcc.a(_exit.o)
 .text.libgcc.builtins
                0x0000000000000000        0x0 c:/program files/microchip/xc8/v2.36/avr/bin/../lib/gcc/avr/5.4.0/avr5/memx-const\libgcc.a(_exit.o)
 .text.libgcc.fmul
                0x0000000000000000        0x0 c:/program files/microchip/xc8/v2.36/avr/bin/../lib/gcc/avr/5.4.0/avr5/memx-const\libgcc.a(_exit.o)
 .text.libgcc.fixed
                0x0000000000000000        0x0 c:/program files/microchip/xc8/v2.36/avr/bin/../lib/gcc/avr/5.4.0/avr5/memx-const\libgcc.a(_exit.o)

Memory Configuration

Name             Origin             Length             Attributes
text             0x0000000000000000 0x0000000000008000 xr
data             0x0000000000800060 0x0000000000000800 rw !x
eeprom           0x0000000000810000 0x0000000000000400 rw !x
fuse             0x0000000000820000 0x0000000000000002 rw !x
lock             0x0000000000830000 0x0000000000000400 rw !x
signature        0x0000000000840000 0x0000000000000400 rw !x
user_signatures  0x0000000000850000 0x0000000000000400 rw !x
*default*        0x0000000000000000 0xffffffffffffffff

Linker script and memory map

LOAD D:/IMT ONLINE COURSE/SoftWare/Microchip Studio/7.0/Packs/atmel/ATmega_DFP/1.7.374/xc8/avr/lib/avr5/memx-const/crtatmega32.o
LOAD DIO_program.o
LOAD EEPROM_program.o
LOAD I2C_program.o
LOAD LCD_program.o
LOAD main.o
START GROUP
LOAD c:/program files/microchip/xc8/v2.36/avr/bin/../lib/gcc/avr/5.4.0/../../../../avr/lib/avr5/memx-const\libm.a
END GROUP
START GROUP
LOAD c:/program files/microchip/xc8/v2.36/avr/bin/../lib/gcc/avr/5.4.0/avr5/memx-const\libgcc.a
LOAD c:/program files/microchip/xc8/v2.36/avr/bin/../lib/gcc/avr/5.4.0/../../../../avr/lib/avr5/memx-const\libm.a
LOAD c:/program files/microchip/xc8/v2.36/avr/bin/../lib/gcc/avr/5.4.0/../../../../avr/lib/avr5/memx-const\libc.a
LOAD D:/IMT ONLINE COURSE/SoftWare/Microchip Studio/7.0/Packs/atmel/ATmega_DFP/1.7.374/xc8/avr/lib/avr5/memx-const\libatmega32.a
END GROUP
                0x0000000000000000                __TEXT_REGION_ORIGIN__ = DEFINED (__TEXT_REGION_ORIGIN__)?__TEXT_REGION_ORIGIN__:0x0
                [0x0000000000800060]                __DATA_REGION_ORIGIN__ = DEFINED (__DATA_REGION_ORIGIN__)?__DATA_REGION_ORIGIN__:0x800060
                [0x0000000000008000]                __TEXT_REGION_LENGTH__ = DEFINED (__TEXT_REGION_LENGTH__)?__TEXT_REGION_LENGTH__:0x20000
                [0x0000000000000800]                __DATA_REGION_LENGTH__ = DEFINED (__DATA_REGION_LENGTH__)?__DATA_REGION_LENGTH__:0xffa0
                [0x0000000000000400]                __EEPROM_REGION_LENGTH__ = DEFINED (__EEPROM_REGION_LENGTH__)?__EEPROM_REGION_LENGTH__:0x10000
                [0x0000000000000002]                __FUSE_REGION_LENGTH__ = DEFINED (__FUSE_REGION_LENGTH__)?__FUSE_REGION_LENGTH__:0x400
                0x0000000000000400                __LOCK_REGION_LENGTH__ = DEFINED (__LOCK_REGION_LENGTH__)?__LOCK_REGION_LENGTH__:0x400
                0x0000000000000400                __SIGNATURE_REGION_LENGTH__ = DEFINED (__SIGNATURE_REGION_LENGTH__)?__SIGNATURE_REGION_LENGTH__:0x400
                0x0000000000000400                __USER_SIGNATURE_REGION_LENGTH__ = DEFINED (__USER_SIGNATURE_REGION_LENGTH__)?__USER_SIGNATURE_REGION_LENGTH__:0x400

.hash
 *(.hash)

.dynsym
 *(.dynsym)

.dynstr
 *(.dynstr)

.gnu.version
 *(.gnu.version)

.gnu.version_d
 *(.gnu.version_d)

.gnu.version_r
 *(.gnu.version_r)

.rel.init
 *(.rel.init)

.rela.init
 *(.rela.init)

.rel.text
 *(.rel.text)
 *(.rel.text.*)
 *(.rel.gnu.linkonce.t*)

.rela.text
 *(.rela.text)
 *(.rela.text.*)
 *(.rela.gnu.linkonce.t*)

.rel.fini
 *(.rel.fini)

.rela.fini
 *(.rela.fini)

.rel.rodata
 *(.rel.rodata)
 *(.rel.rodata.*)
 *(.rel.gnu.linkonce.r*)

.rela.rodata
 *(.rela.rodata)
 *(.rela.rodata.*)
 *(.rela.gnu.linkonce.r*)

.rel.data
 *(.rel.data)
 *(.rel.data.*)
 *(.rel.gnu.linkonce.d*)

.rela.data
 *(.rela.data)
 *(.rela.data.*)
 *(.rela.gnu.linkonce.d*)

.rel.ctors
 *(.rel.ctors)

.rela.ctors
 *(.rela.ctors)

.rel.dtors
 *(.rel.dtors)

.rela.dtors
 *(.rela.dtors)

.rel.got
 *(.rel.got)

.rela.got
 *(.rela.got)

.rel.bss
 *(.rel.bss)

.rela.bss
 *(.rela.bss)

.rel.plt
 *(.rel.plt)

.rela.plt
 *(.rela.plt)

.text           0x0000000000000000       0x6c
 *(.vectors)
 .vectors       0x0000000000000000       0x54 D:/IMT ONLINE COURSE/SoftWare/Microchip Studio/7.0/Packs/atmel/ATmega_DFP/1.7.374/xc8/avr/lib/avr5/memx-const/crtatmega32.o
                0x0000000000000000                __vector_default
                0x0000000000000000                __vectors
 *(.vectors)
 *(.progmem.gcc*)
 *(.dinit)
 .dinit         0x0000000000000054        0x0 data_init
                0x0000000000000054                . = ALIGN (0x2)
                0x0000000000000054                __trampolines_start = .
 *(.trampolines)
 .trampolines   0x0000000000000054        0x0 linker stubs
 *(.trampolines*)
                0x0000000000000054                __trampolines_end = .
 *libprintf_flt.a:*(.progmem.data)
 *libc.a:*(.progmem.data)
                0x0000000000000054                . = ALIGN (0x2)
 *(.jumptables)
 *(.jumptables*)
 *(.lowtext)
 *(.lowtext*)
                0x0000000000000054                __ctors_start = .
 *(.ctors)
                0x0000000000000054                __ctors_end = .
                0x0000000000000054                __dtors_start = .
 *(.dtors)
                0x0000000000000054                __dtors_end = .
 SORT(*)(.ctors)
 SORT(*)(.dtors)
 *(.init0)
 .init0         0x0000000000000054        0x0 D:/IMT ONLINE COURSE/SoftWare/Microchip Studio/7.0/Packs/atmel/ATmega_DFP/1.7.374/xc8/avr/lib/avr5/memx-const/crtatmega32.o
                0x0000000000000054                __init
 *(.init0)
 *(.init1)
 *(.init1)
 *(.init2)
 .init2         0x0000000000000054        0xc D:/IMT ONLINE COURSE/SoftWare/Microchip Studio/7.0/Packs/atmel/ATmega_DFP/1.7.374/xc8/avr/lib/avr5/memx-const/crtatmega32.o
 *(.init2)
 *(.init3)
 *(.init3)
 *(.init4)
 *(.init4)
 *(.init5)
 *(.init5)
 *(.init6)
 *(.init6)
 *(.init7)
 *(.init7)
 *(.init8)
 *(.init8)
 *(.init9)
 .init9         0x0000000000000060        0x8 D:/IMT ONLINE COURSE/SoftWare/Microchip Studio/7.0/Packs/atmel/ATmega_DFP/1.7.374/xc8/avr/lib/avr5/memx-const/crtatmega32.o
 *(.init9)
                0x0000000000000068                . = ALIGN (0x2)
 *(.fini9)
 .fini9         0x0000000000000068        0x0 c:/program files/microchip/xc8/v2.36/avr/bin/../lib/gcc/avr/5.4.0/avr5/memx-const\libgcc.a(_exit.o)
                0x0000000000000068                _exit
 *(.fini9)
 *(.fini8)
 *(.fini8)
 *(.fini7)
 *(.fini7)
 *(.fini6)
 *(.fini6)
 *(.fini5)
 *(.fini5)
 *(.fini4)
 *(.fini4)
 *(.fini3)
 *(.fini3)
 *(.fini2)
 *(.fini2)
 *(.fini1)
 *(.fini1)
 *(.fini0)
 .fini0         0x0000000000000068        0x4 c:/program files/microchip/xc8/v2.36/avr/bin/../lib/gcc/avr/5.4.0/avr5/memx-const\libgcc.a(_exit.o)
 *(.fini0)
                0x000000000000006c                _etext = .

.data           0x0000000000800060        0x0 load address 0x000000000000006c
                [!provide]                        PROVIDE (__data_start, .)
 *(.gnu.linkonce.d*)
 *(.gnu.linkonce.r*)
                0x0000000000800060                . = ALIGN (0x2)
                0x0000000000800060                _edata = .
                [!provide]                        PROVIDE (__data_end, .)

.bss            0x0000000000800060        0x0
                [!provide]                        PROVIDE (__bss_start, .)
 *(COMMON)
                [!provide]                        PROVIDE (__bss_end, .)
                0x000000000000006c                __data_load_start = LOADADDR (.data)
                0x000000000000006c                __data_load_end = (__data_load_start + SIZEOF (.data))

.noinit         0x0000000000800060        0x0
                [!provide]                        PROVIDE (__noinit_start, .)
 *(.noinit*)
                [!provide]                        PROVIDE (__noinit_end, .)
                0x0000000000800060                _end = .

.eeprom         0x0000000000810000        0x0
 *(.eeprom*)
                0x0000000000810000                __eeprom_end = .

.fuse
 *(.fuse)
 *(.lfuse)
 *(.hfuse)
 *(.efuse)

.lock
 *(.lock*)

.signature
 *(.signature*)

.user_signatures
 *(.user_signatures*)

.stab
 *(.stab)

.stabstr
 *(.stabstr)

.stab.excl
 *(.stab.excl)

.stab.exclstr
 *(.stab.exclstr)

.stab.index
 *(.stab.index)

.stab.indexstr
 *(.stab.indexstr)

.comment        0x0000000000000000       0x2f
 *(.comment)
 .comment       0x0000000000000000       0x2f DIO_program.o
                                         0x30 (size before relaxing)
 .comment       0x000000000000002f       0x30 EEPROM_program.o
 .comment       0x000000000000002f       0x30 I2C_program.o
 .comment       0x000000000000002f       0x30 LCD_program.o
 .comment       0x000000000000002f       0x30 main.o
 .comment       0x000000000000002f       0x30 c:/program files/microchip/xc8/v2.36/avr/bin/../lib/gcc/avr/5.4.0/../../../../avr/lib/avr5/memx-const\libc.a(exit.o)
 .comment       0x000000000000002f       0x30 c:/program files/microchip/xc8/v2.36/avr/bin/../lib/gcc/avr/5.4.0/../../../../avr/lib/avr5/memx-const\libc.a(_Exit.o)

.note.GNU-stack
                0x0000000000000000        0x0
 .note.GNU-stack
                0x0000000000000000        0x0 c:/program files/microchip/xc8/v2.36/avr/bin/../lib/gcc/avr/5.4.0/../../../../avr/lib/avr5/memx-const\libc.a(exit.o)
 .note.GNU-stack
                0x0000000000000000        0x0 c:/program files/microchip/xc8/v2.36/avr/bin/../lib/gcc/avr/5.4.0/../../../../avr/lib/avr5/memx-const\libc.a(_Exit.o)

.stack.descriptors.hdr
                0x0000000000000000        0xe
 .stack.descriptors.hdr
                0x0000000000000000        0xe c:/program files/microchip/xc8/v2.36/avr/bin/../lib/gcc/avr/5.4.0/avr5/memx-const\libgcc.a(_exit.o)

.note.gnu.build-id
 *(.note.gnu.build-id)

.debug
 *(.debug)

.line
 *(.line)

.debug_srcinfo
 *(.debug_srcinfo)

.debug_sfnames
 *(.debug_sfnames)

.debug_aranges  0x0000000000000000      0x140
 *(.debug_aranges)
 .debug_aranges
                0x0000000000000000       0x38 DIO_program.o
 .debug_aranges
                0x0000000000000038       0x28 EEPROM_program.o
 .debug_aranges
                0x0000000000000060       0x70 I2C_program.o
 .debug_aranges
                0x00000000000000d0       0x50 LCD_program.o
 .debug_aranges
                0x0000000000000120       0x20 main.o

.debug_pubnames
 *(.debug_pubnames)

.debug_info     0x0000000000000000     0x3045
 *(.debug_info .gnu.linkonce.wi.*)
 .debug_info    0x0000000000000000      0x4e6 D:/IMT ONLINE COURSE/SoftWare/Microchip Studio/7.0/Packs/atmel/ATmega_DFP/1.7.374/xc8/avr/lib/avr5/memx-const/crtatmega32.o
 .debug_info    0x00000000000004e6      0x363 DIO_program.o
 .debug_info    0x0000000000000849      0x40d EEPROM_program.o
 .debug_info    0x0000000000000c56      0x5cf I2C_program.o
 .debug_info    0x0000000000001225     0x19eb LCD_program.o
 .debug_info    0x0000000000002c10      0x435 main.o

.debug_abbrev   0x0000000000000000      0x99e
 *(.debug_abbrev)
 .debug_abbrev  0x0000000000000000      0x4a3 D:/IMT ONLINE COURSE/SoftWare/Microchip Studio/7.0/Packs/atmel/ATmega_DFP/1.7.374/xc8/avr/lib/avr5/memx-const/crtatmega32.o
 .debug_abbrev  0x00000000000004a3       0xc1 DIO_program.o
 .debug_abbrev  0x0000000000000564       0xa7 EEPROM_program.o
 .debug_abbrev  0x000000000000060b       0xca I2C_program.o
 .debug_abbrev  0x00000000000006d5      0x1b9 LCD_program.o
 .debug_abbrev  0x000000000000088e      0x110 main.o

.debug_line     0x0000000000000000      0xddc
 *(.debug_line .debug_line.* .debug_line_end)
 .debug_line    0x0000000000000000      0x119 D:/IMT ONLINE COURSE/SoftWare/Microchip Studio/7.0/Packs/atmel/ATmega_DFP/1.7.374/xc8/avr/lib/avr5/memx-const/crtatmega32.o
 .debug_line    0x0000000000000119      0x18e DIO_program.o
 .debug_line    0x00000000000002a7       0xc9 EEPROM_program.o
 .debug_line    0x0000000000000370      0x2c2 I2C_program.o
 .debug_line    0x0000000000000632      0x644 LCD_program.o
 .debug_line    0x0000000000000c76      0x166 main.o

.debug_frame    0x0000000000000000      0x28c
 *(.debug_frame)
 .debug_frame   0x0000000000000000       0x54 DIO_program.o
 .debug_frame   0x0000000000000054       0x58 EEPROM_program.o
 .debug_frame   0x00000000000000ac       0xc4 I2C_program.o
 .debug_frame   0x0000000000000170       0xe8 LCD_program.o
 .debug_frame   0x0000000000000258       0x34 main.o

.debug_str      0x0000000000000000      0x320
 *(.debug_str)
 .debug_str     0x0000000000000000      0x196 D:/IMT ONLINE COURSE/SoftWare/Microchip Studio/7.0/Packs/atmel/ATmega_DFP/1.7.374/xc8/avr/lib/avr5/memx-const/crtatmega32.o
 .debug_str     0x0000000000000196        0x8 DIO_program.o
 .debug_str     0x000000000000019e       0xcb EEPROM_program.o
 .debug_str     0x0000000000000269       0x1a I2C_program.o
 .debug_str     0x0000000000000283       0x14 LCD_program.o
 .debug_str     0x0000000000000297       0x89 main.o

.debug_loc      0x0000000000000000     0x1417
 *(.debug_loc)
 .debug_loc     0x0000000000000000      0x1a6 DIO_program.o
 .debug_loc     0x00000000000001a6      0x19d EEPROM_program.o
 .debug_loc     0x0000000000000343      0x21a I2C_program.o
 .debug_loc     0x000000000000055d      0xe2a LCD_program.o
 .debug_loc     0x0000000000001387       0x90 main.o

.debug_macinfo
 *(.debug_macinfo)

.debug_weaknames
 *(.debug_weaknames)

.debug_funcnames
 *(.debug_funcnames)

.debug_typenames
 *(.debug_typenames)

.debug_varnames
 *(.debug_varnames)

.debug_pubtypes
 *(.debug_pubtypes)

.debug_ranges   0x0000000000000000       0xf0
 *(.debug_ranges)
 .debug_ranges  0x0000000000000000       0x28 DIO_program.o
 .debug_ranges  0x0000000000000028       0x18 EEPROM_program.o
 .debug_ranges  0x0000000000000040       0x60 I2C_program.o
 .debug_ranges  0x00000000000000a0       0x40 LCD_program.o
 .debug_ranges  0x00000000000000e0       0x10 main.o

.debug_macro
 *(.debug_macro)
OUTPUT(EEPROM.elf elf32-avr)
LOAD linker stubs
LOAD data_init

.note.gnu.avr.deviceinfo
                0x0000000000000000       0x3c
 .note.gnu.avr.deviceinfo
                0x0000000000000000       0x3c D:/IMT ONLINE COURSE/SoftWare/Microchip Studio/7.0/Packs/atmel/ATmega_DFP/1.7.374/xc8/avr/lib/avr5/memx-const/crtatmega32.o

.text.LCD_voidInit
                0x000000000000006c      0x2ee
 .text.LCD_voidInit
                0x000000000000006c      0x2ee LCD_program.o
                0x000000000000006c                LCD_voidInit

.text.LCD_voidGoToXY
                0x000000000000035a       0xfc
 .text.LCD_voidGoToXY
                0x000000000000035a       0xfc LCD_program.o
                0x000000000000035a                LCD_voidGoToXY

.text.DIO_voidSetPinValue
                0x0000000000000456       0xe6
 .text.DIO_voidSetPinValue
                0x0000000000000456       0xe6 DIO_program.o
                0x0000000000000456                DIO_voidSetPinValue

.text.LCD_voidSendData
                0x000000000000053c       0xda
 .text.LCD_voidSendData
                0x000000000000053c       0xda LCD_program.o
                0x000000000000053c                LCD_voidSendData

.text.LCD_voidWriteNumber
                0x0000000000000616       0x88
 .text.LCD_voidWriteNumber
                0x0000000000000616       0x88 LCD_program.o
                0x0000000000000616                LCD_voidWriteNumber

.text.main      0x000000000000069e       0x56
 .text.main     0x000000000000069e       0x56 main.o
                0x000000000000069e                main

.text.EEPROM_u8ReadData
                0x00000000000006f4       0x42
 .text.EEPROM_u8ReadData
                0x00000000000006f4       0x42 EEPROM_program.o
                0x00000000000006f4                EEPROM_u8ReadData

.text.EEPROM_u8SendData
                0x0000000000000736       0x34
 .text.EEPROM_u8SendData
                0x0000000000000736       0x34 EEPROM_program.o
                0x0000000000000736                EEPROM_u8SendData

.text.I2C_u8SendSlaveAddressWithWrite
                0x000000000000076a       0x2c
 .text.I2C_u8SendSlaveAddressWithWrite
                0x000000000000076a       0x2c I2C_program.o
                0x000000000000076a                I2C_u8SendSlaveAddressWithWrite

.text.I2C_u8SendSlaveAddressWithRead
                0x0000000000000796       0x2c
 .text.I2C_u8SendSlaveAddressWithRead
                0x0000000000000796       0x2c I2C_program.o
                0x0000000000000796                I2C_u8SendSlaveAddressWithRead

.text.I2C_u8MasterReadDataByte
                0x00000000000007c2       0x28
 .text.I2C_u8MasterReadDataByte
                0x00000000000007c2       0x28 I2C_program.o
                0x00000000000007c2                I2C_u8MasterReadDataByte

.text.I2C_voidMasterInit
                0x00000000000007ea       0x22
 .text.I2C_voidMasterInit
                0x00000000000007ea       0x22 I2C_program.o
                0x00000000000007ea                I2C_voidMasterInit

.text.I2C_u8SendStartCondition
                0x000000000000080c       0x22
 .text.I2C_u8SendStartCondition
                0x000000000000080c       0x22 I2C_program.o
                0x000000000000080c                I2C_u8SendStartCondition

.text.I2C_u8SendReapeatedStart
                0x000000000000082e       0x22
 .text.I2C_u8SendReapeatedStart
                0x000000000000082e       0x22 I2C_program.o
                0x000000000000082e                I2C_u8SendReapeatedStart

.text.DIO_voidSetPortValue
                0x0000000000000850       0x20
 .text.DIO_voidSetPortValue
                0x0000000000000850       0x20 DIO_program.o
                0x0000000000000850                DIO_voidSetPortValue

.text.I2C_u8MasterWriteDataByte
                0x0000000000000870       0x1e
 .text.I2C_u8MasterWriteDataByte
                0x0000000000000870       0x1e I2C_program.o
                0x0000000000000870                I2C_u8MasterWriteDataByte

.text.DIO_VoidInit
                0x000000000000088e       0x1a
 .text.DIO_VoidInit
                0x000000000000088e       0x1a DIO_program.o
                0x000000000000088e                DIO_VoidInit

.text.exit      0x00000000000008a8       0x16
 .text.exit     0x00000000000008a8       0x16 c:/program files/microchip/xc8/v2.36/avr/bin/../lib/gcc/avr/5.4.0/../../../../avr/lib/avr5/memx-const\libc.a(exit.o)
                0x00000000000008a8                exit

.text.I2C_u8SendStopCondition
                0x00000000000008be        0xe
 .text.I2C_u8SendStopCondition
                0x00000000000008be        0xe I2C_program.o
                0x00000000000008be                I2C_u8SendStopCondition

.text           0x00000000000008cc        0x4
 .text          0x00000000000008cc        0x4 D:/IMT ONLINE COURSE/SoftWare/Microchip Studio/7.0/Packs/atmel/ATmega_DFP/1.7.374/xc8/avr/lib/avr5/memx-const/crtatmega32.o
                0x00000000000008cc                __vector_1
                0x00000000000008cc                __vector_12
                0x00000000000008cc                __bad_interrupt
                0x00000000000008cc                __vector_6
                0x00000000000008cc                __vector_3
                0x00000000000008cc                __vector_11
                0x00000000000008cc                __vector_13
                0x00000000000008cc                __vector_17
                0x00000000000008cc                __vector_19
                0x00000000000008cc                __vector_7
                0x00000000000008cc                __vector_5
                0x00000000000008cc                __vector_4
                0x00000000000008cc                __vector_9
                0x00000000000008cc                __vector_2
                0x00000000000008cc                __vector_15
                0x00000000000008cc                __vector_8
                0x00000000000008cc                __vector_14
                0x00000000000008cc                __vector_10
                0x00000000000008cc                __vector_16
                0x00000000000008cc                __vector_18
                0x00000000000008cc                __vector_20

.text._Exit     0x00000000000008d0        0x4
 .text._Exit    0x00000000000008d0        0x4 c:/program files/microchip/xc8/v2.36/avr/bin/../lib/gcc/avr/5.4.0/../../../../avr/lib/avr5/memx-const\libc.a(_Exit.o)
                0x00000000000008d0                _Exit

.text.__dummy_fini
                0x00000000000008d4        0x2
 .text.__dummy_fini
                0x00000000000008d4        0x2 c:/program files/microchip/xc8/v2.36/avr/bin/../lib/gcc/avr/5.4.0/../../../../avr/lib/avr5/memx-const\libc.a(exit.o)
                0x00000000000008d4                _fini

.text.__dummy_funcs_on_exit
                0x00000000000008d6        0x2
 .text.__dummy_funcs_on_exit
                0x00000000000008d6        0x2 c:/program files/microchip/xc8/v2.36/avr/bin/../lib/gcc/avr/5.4.0/../../../../avr/lib/avr5/memx-const\libc.a(exit.o)
                0x00000000000008d6                __funcs_on_exit

.text.__dummy_simulator_exit
                0x00000000000008d8        0x2
 .text.__dummy_simulator_exit
                0x00000000000008d8        0x2 c:/program files/microchip/xc8/v2.36/avr/bin/../lib/gcc/avr/5.4.0/../../../../avr/lib/avr5/memx-const\libc.a(exit.o)
                0x00000000000008d8                __simulator_exit
