Archive member included to satisfy reference by file (symbol)

c:/program files/microchip/xc8/v2.36/avr/bin/../lib/gcc/avr/5.4.0/avr5/memx-const\libgcc.a(_copy_data.o)
                              Seven_Segment.o (__do_clear_bss)
c:/program files/microchip/xc8/v2.36/avr/bin/../lib/gcc/avr/5.4.0/../../../../avr/lib/avr5/memx-const\libc.a(exit.o)
                              D:/IMT ONLINE COURSE/SoftWare/Microchip Studio/7.0/Packs/atmel/ATmega_DFP/1.7.374/xc8/avr/lib/avr5/memx-const/crtatmega32.o (exit)
c:/program files/microchip/xc8/v2.36/avr/bin/../lib/gcc/avr/5.4.0/../../../../avr/lib/avr5/memx-const\libc.a(_Exit.o)
                              c:/program files/microchip/xc8/v2.36/avr/bin/../lib/gcc/avr/5.4.0/../../../../avr/lib/avr5/memx-const\libc.a(exit.o) (_Exit)
c:/program files/microchip/xc8/v2.36/avr/bin/../lib/gcc/avr/5.4.0/avr5/memx-const\libgcc.a(_exit.o)
                              c:/program files/microchip/xc8/v2.36/avr/bin/../lib/gcc/avr/5.4.0/../../../../avr/lib/avr5/memx-const\libc.a(_Exit.o) (_exit)

Allocating common symbols
Common symbol       size              file

flag                0x1               main.o
Clock               0x6               Seven_Segment.o

Discarded input sections

 .data          0x0000000000000000        0x0 D:/IMT ONLINE COURSE/SoftWare/Microchip Studio/7.0/Packs/atmel/ATmega_DFP/1.7.374/xc8/avr/lib/avr5/memx-const/crtatmega32.o
 .bss           0x0000000000000000        0x0 D:/IMT ONLINE COURSE/SoftWare/Microchip Studio/7.0/Packs/atmel/ATmega_DFP/1.7.374/xc8/avr/lib/avr5/memx-const/crtatmega32.o
 .text          0x0000000000000000        0x0 Seven_Segment.o
 .data          0x0000000000000000        0x0 Seven_Segment.o
 .bss           0x0000000000000000        0x0 Seven_Segment.o
 .text          0x0000000000000000        0x0 DIO_program.o
 .data          0x0000000000000000        0x0 DIO_program.o
 .bss           0x0000000000000000        0x0 DIO_program.o
 .text.DIO_voidSetPinValue
                0x0000000000000000       0xe6 DIO_program.o
 .text.DIO_voidSetPortValue
                0x0000000000000000       0x20 DIO_program.o
 .text.DIO_u8GetPinValue
                0x0000000000000000       0x86 DIO_program.o
 .text          0x0000000000000000        0x0 EXTI_program.o
 .data          0x0000000000000000        0x0 EXTI_program.o
 .bss           0x0000000000000000        0x0 EXTI_program.o
 .text.EXTI_voidINT1Disable
                0x0000000000000000        0x8 EXTI_program.o
 .text.EXTI_voidINT0Disable
                0x0000000000000000        0x8 EXTI_program.o
 .text.EXTI_voidINT2Disable
                0x0000000000000000        0x8 EXTI_program.o
 .text          0x0000000000000000        0x0 GIE_program.o
 .data          0x0000000000000000        0x0 GIE_program.o
 .bss           0x0000000000000000        0x0 GIE_program.o
 .text.GIE_voidDisable
                0x0000000000000000        0x8 GIE_program.o
 .text          0x0000000000000000        0x0 main.o
 .data          0x0000000000000000        0x0 main.o
 .bss           0x0000000000000000        0x0 main.o
 .text          0x0000000000000000        0x0 Timer1_program.o
 .data          0x0000000000000000        0x0 Timer1_program.o
 .bss           0x0000000000000000        0x0 Timer1_program.o
 .text          0x0000000000000000        0x0 c:/program files/microchip/xc8/v2.36/avr/bin/../lib/gcc/avr/5.4.0/avr5/memx-const\libgcc.a(_copy_data.o)
 .data          0x0000000000000000        0x0 c:/program files/microchip/xc8/v2.36/avr/bin/../lib/gcc/avr/5.4.0/avr5/memx-const\libgcc.a(_copy_data.o)
 .bss           0x0000000000000000        0x0 c:/program files/microchip/xc8/v2.36/avr/bin/../lib/gcc/avr/5.4.0/avr5/memx-const\libgcc.a(_copy_data.o)
 .text.libgcc.mul
                0x0000000000000000        0x0 c:/program files/microchip/xc8/v2.36/avr/bin/../lib/gcc/avr/5.4.0/avr5/memx-const\libgcc.a(_copy_data.o)
 .text.libgcc.div
                0x0000000000000000        0x0 c:/program files/microchip/xc8/v2.36/avr/bin/../lib/gcc/avr/5.4.0/avr5/memx-const\libgcc.a(_copy_data.o)
 .text.libgcc   0x0000000000000000        0x0 c:/program files/microchip/xc8/v2.36/avr/bin/../lib/gcc/avr/5.4.0/avr5/memx-const\libgcc.a(_copy_data.o)
 .text.libgcc.prologue
                0x0000000000000000        0x0 c:/program files/microchip/xc8/v2.36/avr/bin/../lib/gcc/avr/5.4.0/avr5/memx-const\libgcc.a(_copy_data.o)
 .text.libgcc.builtins
                0x0000000000000000        0x0 c:/program files/microchip/xc8/v2.36/avr/bin/../lib/gcc/avr/5.4.0/avr5/memx-const\libgcc.a(_copy_data.o)
 .text.libgcc.fmul
                0x0000000000000000        0x0 c:/program files/microchip/xc8/v2.36/avr/bin/../lib/gcc/avr/5.4.0/avr5/memx-const\libgcc.a(_copy_data.o)
 .text.libgcc.fixed
                0x0000000000000000        0x0 c:/program files/microchip/xc8/v2.36/avr/bin/../lib/gcc/avr/5.4.0/avr5/memx-const\libgcc.a(_copy_data.o)
 .text          0x0000000000000000        0x0 c:/program files/microchip/xc8/v2.36/avr/bin/../lib/gcc/avr/5.4.0/../../../../avr/lib/avr5/memx-const\libc.a(exit.o)
 .data          0x0000000000000000        0x0 c:/program files/microchip/xc8/v2.36/avr/bin/../lib/gcc/avr/5.4.0/../../../../avr/lib/avr5/memx-const\libc.a(exit.o)
 .bss           0x0000000000000000        0x0 c:/program files/microchip/xc8/v2.36/avr/bin/../lib/gcc/avr/5.4.0/../../../../avr/lib/avr5/memx-const\libc.a(exit.o)
 .text          0x0000000000000000        0x0 c:/program files/microchip/xc8/v2.36/avr/bin/../lib/gcc/avr/5.4.0/../../../../avr/lib/avr5/memx-const\libc.a(_Exit.o)
 .data          0x0000000000000000        0x0 c:/program files/microchip/xc8/v2.36/avr/bin/../lib/gcc/avr/5.4.0/../../../../avr/lib/avr5/memx-const\libc.a(_Exit.o)
 .bss           0x0000000000000000        0x0 c:/program files/microchip/xc8/v2.36/avr/bin/../lib/gcc/avr/5.4.0/../../../../avr/lib/avr5/memx-const\libc.a(_Exit.o)
 .text          0x0000000000000000        0x0 c:/program files/microchip/xc8/v2.36/avr/bin/../lib/gcc/avr/5.4.0/avr5/memx-const\libgcc.a(_exit.o)
 .data          0x0000000000000000        0x0 c:/program files/microchip/xc8/v2.36/avr/bin/../lib/gcc/avr/5.4.0/avr5/memx-const\libgcc.a(_exit.o)
 .bss           0x0000000000000000        0x0 c:/program files/microchip/xc8/v2.36/avr/bin/../lib/gcc/avr/5.4.0/avr5/memx-const\libgcc.a(_exit.o)
 .text.libgcc.mul
                0x0000000000000000        0x0 c:/program files/microchip/xc8/v2.36/avr/bin/../lib/gcc/avr/5.4.0/avr5/memx-const\libgcc.a(_exit.o)
 .text.libgcc.div
                0x0000000000000000        0x0 c:/program files/microchip/xc8/v2.36/avr/bin/../lib/gcc/avr/5.4.0/avr5/memx-const\libgcc.a(_exit.o)
 .text.libgcc   0x0000000000000000        0x0 c:/program files/microchip/xc8/v2.36/avr/bin/../lib/gcc/avr/5.4.0/avr5/memx-const\libgcc.a(_exit.o)
 .text.libgcc.prologue
                0x0000000000000000        0x0 c:/program files/microchip/xc8/v2.36/avr/bin/../lib/gcc/avr/5.4.0/avr5/memx-const\libgcc.a(_exit.o)
 .stack.descriptors
                0x0000000000000000       0x13 c:/program files/microchip/xc8/v2.36/avr/bin/../lib/gcc/avr/5.4.0/avr5/memx-const\libgcc.a(_exit.o)
 .text.libgcc.builtins
                0x0000000000000000        0x0 c:/program files/microchip/xc8/v2.36/avr/bin/../lib/gcc/avr/5.4.0/avr5/memx-const\libgcc.a(_exit.o)
 .text.libgcc.fmul
                0x0000000000000000        0x0 c:/program files/microchip/xc8/v2.36/avr/bin/../lib/gcc/avr/5.4.0/avr5/memx-const\libgcc.a(_exit.o)
 .text.libgcc.fixed
                0x0000000000000000        0x0 c:/program files/microchip/xc8/v2.36/avr/bin/../lib/gcc/avr/5.4.0/avr5/memx-const\libgcc.a(_exit.o)

Memory Configuration

Name             Origin             Length             Attributes
text             0x0000000000000000 0x0000000000008000 xr
data             0x0000000000800060 0x0000000000000800 rw !x
eeprom           0x0000000000810000 0x0000000000000400 rw !x
fuse             0x0000000000820000 0x0000000000000002 rw !x
lock             0x0000000000830000 0x0000000000000400 rw !x
signature        0x0000000000840000 0x0000000000000400 rw !x
user_signatures  0x0000000000850000 0x0000000000000400 rw !x
*default*        0x0000000000000000 0xffffffffffffffff

Linker script and memory map

LOAD D:/IMT ONLINE COURSE/SoftWare/Microchip Studio/7.0/Packs/atmel/ATmega_DFP/1.7.374/xc8/avr/lib/avr5/memx-const/crtatmega32.o
LOAD Seven_Segment.o
LOAD DIO_program.o
LOAD EXTI_program.o
LOAD GIE_program.o
LOAD main.o
LOAD Timer1_program.o
START GROUP
LOAD c:/program files/microchip/xc8/v2.36/avr/bin/../lib/gcc/avr/5.4.0/../../../../avr/lib/avr5/memx-const\libm.a
END GROUP
START GROUP
LOAD c:/program files/microchip/xc8/v2.36/avr/bin/../lib/gcc/avr/5.4.0/avr5/memx-const\libgcc.a
LOAD c:/program files/microchip/xc8/v2.36/avr/bin/../lib/gcc/avr/5.4.0/../../../../avr/lib/avr5/memx-const\libm.a
LOAD c:/program files/microchip/xc8/v2.36/avr/bin/../lib/gcc/avr/5.4.0/../../../../avr/lib/avr5/memx-const\libc.a
LOAD D:/IMT ONLINE COURSE/SoftWare/Microchip Studio/7.0/Packs/atmel/ATmega_DFP/1.7.374/xc8/avr/lib/avr5/memx-const\libatmega32.a
END GROUP
                0x0000000000000000                __TEXT_REGION_ORIGIN__ = DEFINED (__TEXT_REGION_ORIGIN__)?__TEXT_REGION_ORIGIN__:0x0
                [0x0000000000800060]                __DATA_REGION_ORIGIN__ = DEFINED (__DATA_REGION_ORIGIN__)?__DATA_REGION_ORIGIN__:0x800060
                [0x0000000000008000]                __TEXT_REGION_LENGTH__ = DEFINED (__TEXT_REGION_LENGTH__)?__TEXT_REGION_LENGTH__:0x20000
                [0x0000000000000800]                __DATA_REGION_LENGTH__ = DEFINED (__DATA_REGION_LENGTH__)?__DATA_REGION_LENGTH__:0xffa0
                [0x0000000000000400]                __EEPROM_REGION_LENGTH__ = DEFINED (__EEPROM_REGION_LENGTH__)?__EEPROM_REGION_LENGTH__:0x10000
                [0x0000000000000002]                __FUSE_REGION_LENGTH__ = DEFINED (__FUSE_REGION_LENGTH__)?__FUSE_REGION_LENGTH__:0x400
                0x0000000000000400                __LOCK_REGION_LENGTH__ = DEFINED (__LOCK_REGION_LENGTH__)?__LOCK_REGION_LENGTH__:0x400
                0x0000000000000400                __SIGNATURE_REGION_LENGTH__ = DEFINED (__SIGNATURE_REGION_LENGTH__)?__SIGNATURE_REGION_LENGTH__:0x400
                0x0000000000000400                __USER_SIGNATURE_REGION_LENGTH__ = DEFINED (__USER_SIGNATURE_REGION_LENGTH__)?__USER_SIGNATURE_REGION_LENGTH__:0x400

.hash
 *(.hash)

.dynsym
 *(.dynsym)

.dynstr
 *(.dynstr)

.gnu.version
 *(.gnu.version)

.gnu.version_d
 *(.gnu.version_d)

.gnu.version_r
 *(.gnu.version_r)

.rel.init
 *(.rel.init)

.rela.init
 *(.rela.init)

.rel.text
 *(.rel.text)
 *(.rel.text.*)
 *(.rel.gnu.linkonce.t*)

.rela.text
 *(.rela.text)
 *(.rela.text.*)
 *(.rela.gnu.linkonce.t*)

.rel.fini
 *(.rel.fini)

.rela.fini
 *(.rela.fini)

.rel.rodata
 *(.rel.rodata)
 *(.rel.rodata.*)
 *(.rel.gnu.linkonce.r*)

.rela.rodata
 *(.rela.rodata)
 *(.rela.rodata.*)
 *(.rela.gnu.linkonce.r*)

.rel.data
 *(.rel.data)
 *(.rel.data.*)
 *(.rel.gnu.linkonce.d*)

.rela.data
 *(.rela.data)
 *(.rela.data.*)
 *(.rela.gnu.linkonce.d*)

.rel.ctors
 *(.rel.ctors)

.rela.ctors
 *(.rela.ctors)

.rel.dtors
 *(.rel.dtors)

.rela.dtors
 *(.rela.dtors)

.rel.got
 *(.rel.got)

.rela.got
 *(.rela.got)

.rel.bss
 *(.rel.bss)

.rela.bss
 *(.rela.bss)

.rel.plt
 *(.rel.plt)

.rela.plt
 *(.rela.plt)

.text           0x0000000000000000       0xae
 *(.vectors)
 .vectors       0x0000000000000000       0x54 D:/IMT ONLINE COURSE/SoftWare/Microchip Studio/7.0/Packs/atmel/ATmega_DFP/1.7.374/xc8/avr/lib/avr5/memx-const/crtatmega32.o
                0x0000000000000000                __vector_default
                0x0000000000000000                __vectors
 *(.vectors)
 *(.progmem.gcc*)
 *(.dinit)
 .dinit         0x0000000000000054        0x5 data_init
                0x000000000000005a                . = ALIGN (0x2)
 *fill*         0x0000000000000059        0x1 
                0x000000000000005a                __trampolines_start = .
 *(.trampolines)
 .trampolines   0x000000000000005a        0x0 linker stubs
 *(.trampolines*)
                0x000000000000005a                __trampolines_end = .
 *libprintf_flt.a:*(.progmem.data)
 *libc.a:*(.progmem.data)
                0x000000000000005a                . = ALIGN (0x2)
 *(.jumptables)
 *(.jumptables*)
 *(.lowtext)
 *(.lowtext*)
                0x000000000000005a                __ctors_start = .
 *(.ctors)
                0x000000000000005a                __ctors_end = .
                0x000000000000005a                __dtors_start = .
 *(.dtors)
                0x000000000000005a                __dtors_end = .
 SORT(*)(.ctors)
 SORT(*)(.dtors)
 *(.init0)
 .init0         0x000000000000005a        0x0 D:/IMT ONLINE COURSE/SoftWare/Microchip Studio/7.0/Packs/atmel/ATmega_DFP/1.7.374/xc8/avr/lib/avr5/memx-const/crtatmega32.o
                0x000000000000005a                __init
 *(.init0)
 *(.init1)
 *(.init1)
 *(.init2)
 .init2         0x000000000000005a        0xc D:/IMT ONLINE COURSE/SoftWare/Microchip Studio/7.0/Packs/atmel/ATmega_DFP/1.7.374/xc8/avr/lib/avr5/memx-const/crtatmega32.o
 *(.init2)
 *(.init3)
 *(.init3)
 *(.init4)
 .init4         0x0000000000000066       0x3c c:/program files/microchip/xc8/v2.36/avr/bin/../lib/gcc/avr/5.4.0/avr5/memx-const\libgcc.a(_copy_data.o)
                0x0000000000000066                __do_copy_data
                0x0000000000000094                __do_clear_bss
 *(.init4)
 *(.init5)
 *(.init5)
 *(.init6)
 *(.init6)
 *(.init7)
 *(.init7)
 *(.init8)
 *(.init8)
 *(.init9)
 .init9         0x00000000000000a2        0x8 D:/IMT ONLINE COURSE/SoftWare/Microchip Studio/7.0/Packs/atmel/ATmega_DFP/1.7.374/xc8/avr/lib/avr5/memx-const/crtatmega32.o
 *(.init9)
                0x00000000000000aa                . = ALIGN (0x2)
 *(.fini9)
 .fini9         0x00000000000000aa        0x0 c:/program files/microchip/xc8/v2.36/avr/bin/../lib/gcc/avr/5.4.0/avr5/memx-const\libgcc.a(_exit.o)
                0x00000000000000aa                _exit
 *(.fini9)
 *(.fini8)
 *(.fini8)
 *(.fini7)
 *(.fini7)
 *(.fini6)
 *(.fini6)
 *(.fini5)
 *(.fini5)
 *(.fini4)
 *(.fini4)
 *(.fini3)
 *(.fini3)
 *(.fini2)
 *(.fini2)
 *(.fini1)
 *(.fini1)
 *(.fini0)
 .fini0         0x00000000000000aa        0x4 c:/program files/microchip/xc8/v2.36/avr/bin/../lib/gcc/avr/5.4.0/avr5/memx-const\libgcc.a(_exit.o)
 *(.fini0)
                0x00000000000000ae                _etext = .

.data           0x0000000000800060        0x0 load address 0x00000000000000ae
                [!provide]                        PROVIDE (__data_start, .)
 *(.gnu.linkonce.d*)
 *(.gnu.linkonce.r*)
                0x0000000000800060                . = ALIGN (0x2)
 *fill*         0x0000000000800060        0x0 
                0x0000000000800060                _edata = .
                [!provide]                        PROVIDE (__data_end, .)

.bss            0x0000000000800060        0x7
                [!provide]                        PROVIDE (__bss_start, .)
 *(COMMON)
 COMMON         0x0000000000800060        0x6 Seven_Segment.o
                0x0000000000800060                Clock
 COMMON         0x0000000000800066        0x1 main.o
                0x0000000000800066                flag
                [!provide]                        PROVIDE (__bss_end, .)
                0x00000000000000ae                __data_load_start = LOADADDR (.data)
                0x00000000000000ae                __data_load_end = (__data_load_start + SIZEOF (.data))

.noinit         0x0000000000800067        0x0
                [!provide]                        PROVIDE (__noinit_start, .)
 *(.noinit*)
                [!provide]                        PROVIDE (__noinit_end, .)
                0x0000000000800067                _end = .

.eeprom         0x0000000000810000        0x0
 *(.eeprom*)
                0x0000000000810000                __eeprom_end = .

.fuse
 *(.fuse)
 *(.lfuse)
 *(.hfuse)
 *(.efuse)

.lock
 *(.lock*)

.signature
 *(.signature*)

.user_signatures
 *(.user_signatures*)

.stab
 *(.stab)

.stabstr
 *(.stabstr)

.stab.excl
 *(.stab.excl)

.stab.exclstr
 *(.stab.exclstr)

.stab.index
 *(.stab.index)

.stab.indexstr
 *(.stab.indexstr)

.comment        0x0000000000000000       0x2f
 *(.comment)
 .comment       0x0000000000000000       0x2f Seven_Segment.o
                                         0x30 (size before relaxing)
 .comment       0x000000000000002f       0x30 DIO_program.o
 .comment       0x000000000000002f       0x30 EXTI_program.o
 .comment       0x000000000000002f       0x30 GIE_program.o
 .comment       0x000000000000002f       0x30 main.o
 .comment       0x000000000000002f       0x30 Timer1_program.o
 .comment       0x000000000000002f       0x30 c:/program files/microchip/xc8/v2.36/avr/bin/../lib/gcc/avr/5.4.0/../../../../avr/lib/avr5/memx-const\libc.a(exit.o)
 .comment       0x000000000000002f       0x30 c:/program files/microchip/xc8/v2.36/avr/bin/../lib/gcc/avr/5.4.0/../../../../avr/lib/avr5/memx-const\libc.a(_Exit.o)

.note.GNU-stack
                0x0000000000000000        0x0
 .note.GNU-stack
                0x0000000000000000        0x0 c:/program files/microchip/xc8/v2.36/avr/bin/../lib/gcc/avr/5.4.0/../../../../avr/lib/avr5/memx-const\libc.a(exit.o)
 .note.GNU-stack
                0x0000000000000000        0x0 c:/program files/microchip/xc8/v2.36/avr/bin/../lib/gcc/avr/5.4.0/../../../../avr/lib/avr5/memx-const\libc.a(_Exit.o)

.stack.descriptors.hdr
                0x0000000000000000        0xe
 .stack.descriptors.hdr
                0x0000000000000000        0xe c:/program files/microchip/xc8/v2.36/avr/bin/../lib/gcc/avr/5.4.0/avr5/memx-const\libgcc.a(_exit.o)

.note.gnu.build-id
 *(.note.gnu.build-id)

.debug
 *(.debug)

.line
 *(.line)

.debug_srcinfo
 *(.debug_srcinfo)

.debug_sfnames
 *(.debug_sfnames)

.debug_aranges  0x0000000000000000      0x190
 *(.debug_aranges)
 .debug_aranges
                0x0000000000000000       0x28 Seven_Segment.o
 .debug_aranges
                0x0000000000000028       0x38 DIO_program.o
 .debug_aranges
                0x0000000000000060       0x90 EXTI_program.o
 .debug_aranges
                0x00000000000000f0       0x28 GIE_program.o
 .debug_aranges
                0x0000000000000118       0x40 main.o
 .debug_aranges
                0x0000000000000158       0x38 Timer1_program.o

.debug_pubnames
 *(.debug_pubnames)

.debug_info     0x0000000000000000     0x1b97
 *(.debug_info .gnu.linkonce.wi.*)
 .debug_info    0x0000000000000000      0x4e6 D:/IMT ONLINE COURSE/SoftWare/Microchip Studio/7.0/Packs/atmel/ATmega_DFP/1.7.374/xc8/avr/lib/avr5/memx-const/crtatmega32.o
 .debug_info    0x00000000000004e6      0x3df Seven_Segment.o
 .debug_info    0x00000000000008c5      0x36f DIO_program.o
 .debug_info    0x0000000000000c34      0x4ef EXTI_program.o
 .debug_info    0x0000000000001123      0x26e GIE_program.o
 .debug_info    0x0000000000001391      0x4e1 main.o
 .debug_info    0x0000000000001872      0x325 Timer1_program.o

.debug_abbrev   0x0000000000000000      0x8de
 *(.debug_abbrev)
 .debug_abbrev  0x0000000000000000      0x4a3 D:/IMT ONLINE COURSE/SoftWare/Microchip Studio/7.0/Packs/atmel/ATmega_DFP/1.7.374/xc8/avr/lib/avr5/memx-const/crtatmega32.o
 .debug_abbrev  0x00000000000004a3       0xf4 Seven_Segment.o
 .debug_abbrev  0x0000000000000597       0xc1 DIO_program.o
 .debug_abbrev  0x0000000000000658       0xa8 EXTI_program.o
 .debug_abbrev  0x0000000000000700       0x46 GIE_program.o
 .debug_abbrev  0x0000000000000746       0xf0 main.o
 .debug_abbrev  0x0000000000000836       0xa8 Timer1_program.o

.debug_line     0x0000000000000000      0x955
 *(.debug_line .debug_line.* .debug_line_end)
 .debug_line    0x0000000000000000      0x119 D:/IMT ONLINE COURSE/SoftWare/Microchip Studio/7.0/Packs/atmel/ATmega_DFP/1.7.374/xc8/avr/lib/avr5/memx-const/crtatmega32.o
 .debug_line    0x0000000000000119      0x1c0 Seven_Segment.o
 .debug_line    0x00000000000002d9      0x18e DIO_program.o
 .debug_line    0x0000000000000467      0x1d7 EXTI_program.o
 .debug_line    0x000000000000063e       0x6b GIE_program.o
 .debug_line    0x00000000000006a9      0x1aa main.o
 .debug_line    0x0000000000000853      0x102 Timer1_program.o

.debug_frame    0x0000000000000000      0x398
 *(.debug_frame)
 .debug_frame   0x0000000000000000       0x34 Seven_Segment.o
 .debug_frame   0x0000000000000034       0x54 DIO_program.o
 .debug_frame   0x0000000000000088      0x1dc EXTI_program.o
 .debug_frame   0x0000000000000264       0x34 GIE_program.o
 .debug_frame   0x0000000000000298       0x64 main.o
 .debug_frame   0x00000000000002fc       0x9c Timer1_program.o

.debug_str      0x0000000000000000      0x2fa
 *(.debug_str)
 .debug_str     0x0000000000000000      0x196 D:/IMT ONLINE COURSE/SoftWare/Microchip Studio/7.0/Packs/atmel/ATmega_DFP/1.7.374/xc8/avr/lib/avr5/memx-const/crtatmega32.o
 .debug_str     0x0000000000000196        0x0 Seven_Segment.o
 .debug_str     0x0000000000000196        0x8 DIO_program.o
 .debug_str     0x000000000000019e        0x8 EXTI_program.o
 .debug_str     0x00000000000001a6        0x0 GIE_program.o
 .debug_str     0x00000000000001a6      0x154 main.o
 .debug_str     0x00000000000002fa        0x0 Timer1_program.o

.debug_loc      0x0000000000000000      0x588
 *(.debug_loc)
 .debug_loc     0x0000000000000000       0x92 Seven_Segment.o
 .debug_loc     0x0000000000000092      0x1a6 DIO_program.o
 .debug_loc     0x0000000000000238      0x261 EXTI_program.o
 .debug_loc     0x0000000000000499       0x24 main.o
 .debug_loc     0x00000000000004bd       0xcb Timer1_program.o

.debug_macinfo
 *(.debug_macinfo)

.debug_weaknames
 *(.debug_weaknames)

.debug_funcnames
 *(.debug_funcnames)

.debug_typenames
 *(.debug_typenames)

.debug_varnames
 *(.debug_varnames)

.debug_pubtypes
 *(.debug_pubtypes)

.debug_ranges   0x0000000000000000      0x148
 *(.debug_ranges)
 .debug_ranges  0x0000000000000000       0x30 Seven_Segment.o
 .debug_ranges  0x0000000000000030       0x28 DIO_program.o
 .debug_ranges  0x0000000000000058       0x80 EXTI_program.o
 .debug_ranges  0x00000000000000d8       0x18 GIE_program.o
 .debug_ranges  0x00000000000000f0       0x30 main.o
 .debug_ranges  0x0000000000000120       0x28 Timer1_program.o

.debug_macro
 *(.debug_macro)
OUTPUT(Stop_Watch.elf elf32-avr)
LOAD linker stubs
LOAD data_init

.note.gnu.avr.deviceinfo
                0x0000000000000000       0x3c
 .note.gnu.avr.deviceinfo
                0x0000000000000000       0x3c D:/IMT ONLINE COURSE/SoftWare/Microchip Studio/7.0/Packs/atmel/ATmega_DFP/1.7.374/xc8/avr/lib/avr5/memx-const/crtatmega32.o

.bss.EXT_INT2_pf
                0x0000000000800067        0x2
 .bss.EXT_INT2_pf
                0x0000000000800067        0x2 EXTI_program.o
                0x0000000000800067                EXT_INT2_pf

.bss.EXT_INT1_pf
                0x0000000000800069        0x2
 .bss.EXT_INT1_pf
                0x0000000000800069        0x2 EXTI_program.o
                0x0000000000800069                EXT_INT1_pf

.bss.EXT_INT0_pf
                0x000000000080006b        0x2
 .bss.EXT_INT0_pf
                0x000000000080006b        0x2 EXTI_program.o
                0x000000000080006b                EXT_INT0_pf

.bss.Compare    0x000000000080006d        0x2
 .bss.Compare   0x000000000080006d        0x2 Timer1_program.o
                0x000000000080006d                Compare

.text.SevenSegment_voidUpdateDigits
                0x00000000000000ae       0x78
 .text.SevenSegment_voidUpdateDigits
                0x00000000000000ae       0x78 Seven_Segment.o
                0x00000000000000ae                SevenSegment_voidUpdateDigits

.text.main      0x0000000000000126       0x62
 .text.main     0x0000000000000126       0x62 main.o
                0x0000000000000126                main

.text.Timer1_voidInit
                0x0000000000000188       0x62
 .text.Timer1_voidInit
                0x0000000000000188       0x62 Timer1_program.o
                0x0000000000000188                Timer1_voidInit

.text.__vector_1
                0x00000000000001ea       0x4e
 .text.__vector_1
                0x00000000000001ea       0x4e EXTI_program.o
                0x00000000000001ea                __vector_1

.text.__vector_2
                0x0000000000000238       0x4e
 .text.__vector_2
                0x0000000000000238       0x4e EXTI_program.o
                0x0000000000000238                __vector_2

.text.__vector_3
                0x0000000000000286       0x4e
 .text.__vector_3
                0x0000000000000286       0x4e EXTI_program.o
                0x0000000000000286                __vector_3

.text.__vector_7
                0x00000000000002d4       0x4e
 .text.__vector_7
                0x00000000000002d4       0x4e Timer1_program.o
                0x00000000000002d4                __vector_7

.text.SevenSegment_voidDisplay
                0x0000000000000322       0x38
 .text.SevenSegment_voidDisplay
                0x0000000000000322       0x38 Seven_Segment.o
                0x0000000000000322                SevenSegment_voidDisplay

.text.INT0_ISR  0x000000000000035a       0x1c
 .text.INT0_ISR
                0x000000000000035a       0x1c main.o
                0x000000000000035a                INT0_ISR

.text.DIO_VoidInit
                0x0000000000000376       0x1a
 .text.DIO_VoidInit
                0x0000000000000376       0x1a DIO_program.o
                0x0000000000000376                DIO_VoidInit

.text.EXTI_voidINT1Init
                0x0000000000000390       0x1a
 .text.EXTI_voidINT1Init
                0x0000000000000390       0x1a EXTI_program.o
                0x0000000000000390                EXTI_voidINT1Init

.text.EXTI_voidINT0Init
                0x00000000000003aa       0x1a
 .text.EXTI_voidINT0Init
                0x00000000000003aa       0x1a EXTI_program.o
                0x00000000000003aa                EXTI_voidINT0Init

.text.exit      0x00000000000003c4       0x16
 .text.exit     0x00000000000003c4       0x16 c:/program files/microchip/xc8/v2.36/avr/bin/../lib/gcc/avr/5.4.0/../../../../avr/lib/avr5/memx-const\libc.a(exit.o)
                0x00000000000003c4                exit

.text.EXTI_voidINT2Init
                0x00000000000003da       0x14
 .text.EXTI_voidINT2Init
                0x00000000000003da       0x14 EXTI_program.o
                0x00000000000003da                EXTI_voidINT2Init

.text.INT1_ISR  0x00000000000003ee       0x14
 .text.INT1_ISR
                0x00000000000003ee       0x14 main.o
                0x00000000000003ee                INT1_ISR

.text.INT2_ISR  0x0000000000000402        0xe
 .text.INT2_ISR
                0x0000000000000402        0xe main.o
                0x0000000000000402                INT2_ISR

.text.EXTINT0_VoidSetCallBack
                0x0000000000000410        0xa
 .text.EXTINT0_VoidSetCallBack
                0x0000000000000410        0xa EXTI_program.o
                0x0000000000000410                EXTINT0_VoidSetCallBack

.text.EXTINT1_VoidSetCallBack
                0x000000000000041a        0xa
 .text.EXTINT1_VoidSetCallBack
                0x000000000000041a        0xa EXTI_program.o
                0x000000000000041a                EXTINT1_VoidSetCallBack

.text.EXTINT2_VoidSetCallBack
                0x0000000000000424        0xa
 .text.EXTINT2_VoidSetCallBack
                0x0000000000000424        0xa EXTI_program.o
                0x0000000000000424                EXTINT2_VoidSetCallBack

.text.Timer1_voidCompareSetCallBack
                0x000000000000042e        0xa
 .text.Timer1_voidCompareSetCallBack
                0x000000000000042e        0xa Timer1_program.o
                0x000000000000042e                Timer1_voidCompareSetCallBack

.text.EXTI_voidINT1Enable
                0x0000000000000438        0x8
 .text.EXTI_voidINT1Enable
                0x0000000000000438        0x8 EXTI_program.o
                0x0000000000000438                EXTI_voidINT1Enable

.text.EXTI_voidINT0Enable
                0x0000000000000440        0x8
 .text.EXTI_voidINT0Enable
                0x0000000000000440        0x8 EXTI_program.o
                0x0000000000000440                EXTI_voidINT0Enable

.text.EXTI_voidINT2Enable
                0x0000000000000448        0x8
 .text.EXTI_voidINT2Enable
                0x0000000000000448        0x8 EXTI_program.o
                0x0000000000000448                EXTI_voidINT2Enable

.text.GIE_voidEnable
                0x0000000000000450        0x8
 .text.GIE_voidEnable
                0x0000000000000450        0x8 GIE_program.o
                0x0000000000000450                GIE_voidEnable

.text.Timer1_ISR
                0x0000000000000458        0x8
 .text.Timer1_ISR
                0x0000000000000458        0x8 main.o
                0x0000000000000458                Timer1_ISR

.text.Timer1_voidSetOCR1AValue
                0x0000000000000460        0x6
 .text.Timer1_voidSetOCR1AValue
                0x0000000000000460        0x6 Timer1_program.o
                0x0000000000000460                Timer1_voidSetOCR1AValue

.text           0x0000000000000466        0x4
 .text          0x0000000000000466        0x4 D:/IMT ONLINE COURSE/SoftWare/Microchip Studio/7.0/Packs/atmel/ATmega_DFP/1.7.374/xc8/avr/lib/avr5/memx-const/crtatmega32.o
                0x0000000000000466                __vector_12
                0x0000000000000466                __bad_interrupt
                0x0000000000000466                __vector_6
                0x0000000000000466                __vector_11
                0x0000000000000466                __vector_13
                0x0000000000000466                __vector_17
                0x0000000000000466                __vector_19
                0x0000000000000466                __vector_5
                0x0000000000000466                __vector_4
                0x0000000000000466                __vector_9
                0x0000000000000466                __vector_15
                0x0000000000000466                __vector_8
                0x0000000000000466                __vector_14
                0x0000000000000466                __vector_10
                0x0000000000000466                __vector_16
                0x0000000000000466                __vector_18
                0x0000000000000466                __vector_20

.text._Exit     0x000000000000046a        0x4
 .text._Exit    0x000000000000046a        0x4 c:/program files/microchip/xc8/v2.36/avr/bin/../lib/gcc/avr/5.4.0/../../../../avr/lib/avr5/memx-const\libc.a(_Exit.o)
                0x000000000000046a                _Exit

.text.__dummy_fini
                0x000000000000046e        0x2
 .text.__dummy_fini
                0x000000000000046e        0x2 c:/program files/microchip/xc8/v2.36/avr/bin/../lib/gcc/avr/5.4.0/../../../../avr/lib/avr5/memx-const\libc.a(exit.o)
                0x000000000000046e                _fini

.text.__dummy_funcs_on_exit
                0x0000000000000470        0x2
 .text.__dummy_funcs_on_exit
                0x0000000000000470        0x2 c:/program files/microchip/xc8/v2.36/avr/bin/../lib/gcc/avr/5.4.0/../../../../avr/lib/avr5/memx-const\libc.a(exit.o)
                0x0000000000000470                __funcs_on_exit

.text.__dummy_simulator_exit
                0x0000000000000472        0x2
 .text.__dummy_simulator_exit
                0x0000000000000472        0x2 c:/program files/microchip/xc8/v2.36/avr/bin/../lib/gcc/avr/5.4.0/../../../../avr/lib/avr5/memx-const\libc.a(exit.o)
                0x0000000000000472                __simulator_exit
